exports[`test Renders ok with clubs. 1`] = `"<div><h3 class=\"question\">Who Do You Support in the Premier League?</h3><section class=\"clubs-container\"><ul class=\"clubs\"><li><img alt=\"Arsenal\"></li></ul><h3>Other Clubs</h3><ul class=\"clubs\"><li><a class=\"other-users\">EFL Championship</a></li><li><a class=\"other-users\">League One</a></li><li><a class=\"other-users\">League Two</a></li><li><a class=\"other-users\">National League</a></li><li><a class=\"other-users\">Other</a></li></ul><h4 class=\"disclaimer\">We currently only collect data on Premier League clubs, sorry if you support someone else! Please select which league the club you support belongs to above.</h4><div class=\"spacer\"></div></section></div>"`;
