exports[`test Displays controversial question. 1`] = `"<div><div class=\"row\"><div class=\"col-xs-12\"><h2 class=\"controversy\">Game Changer!</h2></div></div><div class=\"row\"><div class=\"col-xs-12 col-sm-2\"><h3 class=\"time\"><small>Build Up</small></h3></div><div class=\"col-xs-12 col-sm-10\"><h3>Is this a good test?</h3></div><div class=\"col-xs-12 col-sm-offset-2 col-sm-10\"><div><div class=\"spacer\"></div><a class=\"action-button yes animate button\">Yes</a><a class=\"action-button no animate button\">No</a></div></div></div></div>"`;

exports[`test Displays question with description. 1`] = `"<div><div class=\"row\"><div class=\"col-xs-12\"><h2 class=\"controversy\">Game Changer!</h2></div></div><div class=\"row\"><div class=\"col-xs-12 col-sm-2\"><h3 class=\"time\"><small>Build Up</small></h3></div><div class=\"col-xs-12 col-sm-10\"><h3>Is this a good test?</h3><h4><small>I\'m really not sure anymore.</small></h4></div><div class=\"col-xs-12 col-sm-offset-2 col-sm-10\"><div><div class=\"spacer\"></div><a class=\"action-button yes animate button\">Yes</a><a class=\"action-button no animate button\">No</a></div></div></div></div>"`;

exports[`test Displays question with referee decision. 1`] = `"<div><div class=\"row\"><div class=\"col-xs-12 col-sm-2\"><h3 class=\"time\"><small>Build Up</small></h3></div><div class=\"col-xs-12 col-sm-10\"><h3>Is this a good test?</h3><h4><!-- react-text: 9 -->REFEREE\'S CALL: <!-- /react-text --><span class=\"decision\">Yes</span></h4></div><div class=\"col-xs-12 col-sm-offset-2 col-sm-10\"><div><div class=\"spacer\"></div><a class=\"action-button yes animate button\">Yes</a><a class=\"action-button no animate button\">No</a></div></div></div></div>"`;

exports[`test Displays vanilla question. 1`] = `"<div><div class=\"row\"><div class=\"col-xs-12 col-sm-2\"><h3 class=\"time\"><small>Build Up</small></h3></div><div class=\"col-xs-12 col-sm-10\"><h3>Is this a good test?</h3></div><div class=\"col-xs-12 col-sm-offset-2 col-sm-10\"><div><div class=\"spacer\"></div><a class=\"action-button yes animate button\">Yes</a><a class=\"action-button no animate button\">No</a></div></div></div></div>"`;

exports[`test Displays voting closed. 1`] = `"<div><div class=\"row\"><div class=\"col-xs-12\"><h2 class=\"controversy\">Game Changer!</h2></div></div><div class=\"row\"><div class=\"col-xs-12 col-sm-2\"><h3 class=\"time\"><small>Build Up</small></h3></div><div class=\"col-xs-12 col-sm-10\"><h3>Is this a good test?</h3><h4><small>I\'m really not sure anymore.</small></h4></div><div class=\"col-xs-12 col-sm-offset-2 col-sm-10\"><h4 class=\"closed\">Voting closed!</h4></div></div></div>"`;
