exports[`test Changes the score. 1`] = `"<div><div class=\"row\"><div class=\"col-xs-12 col-sm-8\"><h2 class=\"match-header\"><!-- react-text: 10 -->Arsenal<!-- /react-text --><!-- react-text: 11 --> <!-- /react-text --><!-- react-text: 12 -->1<!-- /react-text --><!-- react-text: 13 -->  -  <!-- /react-text --><!-- react-text: 14 -->0<!-- /react-text --><!-- react-text: 15 --> <!-- /react-text --><!-- react-text: 16 -->West Ham<!-- /react-text --></h2></div></div><!-- react-empty: 17 --><!-- react-empty: 18 --><div class=\"questions-list\"><h1 class=\"header\">Live Questions</h1><div class=\"row\"><div class=\"col-xs-12\"><h4 class=\"spacer\">No questions have been asked yet</h4></div></div></div></div>"`;

exports[`test Changes the score. 2`] = `"<div><div class=\"row\"><div class=\"col-xs-12 col-sm-8\"><h2 class=\"match-header\"><!-- react-text: 10 -->Arsenal<!-- /react-text --><!-- react-text: 11 --> <!-- /react-text --><!-- react-text: 12 -->2<!-- /react-text --><!-- react-text: 13 -->  -  <!-- /react-text --><!-- react-text: 14 -->0<!-- /react-text --><!-- react-text: 15 --> <!-- /react-text --><!-- react-text: 16 -->West Ham<!-- /react-text --></h2></div></div><!-- react-empty: 17 --><!-- react-empty: 18 --><div class=\"questions-list\"><h1 class=\"header\">Live Questions</h1><div class=\"row\"><div class=\"col-xs-12\"><h4 class=\"spacer\">No questions have been asked yet</h4></div></div></div></div>"`;

exports[`test Displays something else when there is data, but no questions. 1`] = `"<div><div class=\"row\"><div class=\"col-xs-12 col-sm-8\"><h2 class=\"match-header\"><!-- react-text: 10 -->Arsenal<!-- /react-text --><!-- react-text: 11 --> <!-- /react-text --><!-- react-text: 12 -->1<!-- /react-text --><!-- react-text: 13 -->  -  <!-- /react-text --><!-- react-text: 14 -->0<!-- /react-text --><!-- react-text: 15 --> <!-- /react-text --><!-- react-text: 16 -->West Ham<!-- /react-text --></h2></div></div><!-- react-empty: 17 --><!-- react-empty: 18 --><div class=\"questions-list\"><h1 class=\"header\">Live Questions</h1><div class=\"row\"><div class=\"col-xs-12\"><h4 class=\"spacer\">No questions have been asked yet</h4></div></div></div></div>"`;
